WARNING: We recommend using a newer Android Gradle plugin to use compileSdk = 36

This Android Gradle plugin (8.7.2) was tested up to compileSdk = 35.

You are strongly encouraged to update your project to use a newer
Android Gradle plugin that has been tested with compileSdk = 36.

If you are already using the latest version of the Android Gradle plugin,
you may need to wait until a newer version with support for compileSdk = 36 is available.

For more information refer to the compatibility table:
https://d.android.com/r/tools/api-level-support

To suppress this warning, add/update
    android.suppressUnsupportedCompileSdk=36
to this project's gradle.properties.
> Task :app:preBuild UP-TO-DATE
> Task :app:preDebugBuild UP-TO-DATE
> Task :app:mergeDebugNativeDebugMetadata NO-SOURCE
> Task :entity:checkKotlinGradlePluginConfigurationErrors SKIPPED
> Task :entity:compileKotlin UP-TO-DATE
> Task :entity:compileJava NO-SOURCE
> Task :entity:processResources NO-SOURCE
> Task :entity:classes UP-TO-DATE
> Task :entity:jar UP-TO-DATE
> Task :usecase:checkKotlinGradlePluginConfigurationErrors SKIPPED
> Task :usecase:compileKotlin UP-TO-DATE
> Task :usecase:compileJava NO-SOURCE
> Task :usecase:processResources NO-SOURCE
> Task :usecase:classes UP-TO-DATE
> Task :usecase:jar UP-TO-DATE
> Task :app:checkKotlinGradlePluginConfigurationErrors SKIPPED
> Task :core:preBuild UP-TO-DATE
> Task :core:preDebugBuild UP-TO-DATE
> Task :core:writeDebugAarMetadata UP-TO-DATE
> Task :data:preBuild UP-TO-DATE
> Task :data:preDebugBuild UP-TO-DATE
> Task :data:writeDebugAarMetadata UP-TO-DATE
> Task :presenter:preBuild UP-TO-DATE
> Task :presenter:preDebugBuild UP-TO-DATE
> Task :presenter:writeDebugAarMetadata UP-TO-DATE
> Task :app:checkDebugAarMetadata UP-TO-DATE
> Task :app:generateDebugResValues UP-TO-DATE
> Task :core:generateDebugResValues UP-TO-DATE
> Task :core:generateDebugResources UP-TO-DATE
> Task :core:packageDebugResources UP-TO-DATE
> Task :data:generateDebugResValues UP-TO-DATE
> Task :data:generateDebugResources UP-TO-DATE
> Task :data:packageDebugResources UP-TO-DATE
> Task :presenter:generateDebugResValues UP-TO-DATE
> Task :presenter:generateDebugResources UP-TO-DATE
> Task :presenter:packageDebugResources UP-TO-DATE
> Task :app:mapDebugSourceSetPaths UP-TO-DATE
> Task :app:generateDebugResources UP-TO-DATE
> Task :app:mergeDebugResources UP-TO-DATE
> Task :app:packageDebugResources UP-TO-DATE
> Task :app:parseDebugLocalResources UP-TO-DATE
> Task :app:createDebugCompatibleScreenManifests UP-TO-DATE
> Task :app:extractDeepLinksDebug UP-TO-DATE
> Task :core:extractDeepLinksDebug UP-TO-DATE
> Task :core:processDebugManifest UP-TO-DATE
> Task :data:extractDeepLinksDebug UP-TO-DATE
> Task :data:processDebugManifest UP-TO-DATE
> Task :presenter:extractDeepLinksDebug UP-TO-DATE
> Task :presenter:processDebugManifest UP-TO-DATE
> Task :app:processDebugMainManifest
> Task :app:processDebugManifest
> Task :core:compileDebugLibraryResources UP-TO-DATE
> Task :core:parseDebugLocalResources UP-TO-DATE
> Task :app:processDebugManifestForPackage
> Task :core:generateDebugRFile UP-TO-DATE
> Task :data:compileDebugLibraryResources UP-TO-DATE
> Task :data:parseDebugLocalResources UP-TO-DATE
> Task :data:generateDebugRFile UP-TO-DATE
> Task :presenter:compileDebugLibraryResources UP-TO-DATE
> Task :presenter:parseDebugLocalResources UP-TO-DATE
> Task :presenter:generateDebugRFile UP-TO-DATE
> Task :core:checkKotlinGradlePluginConfigurationErrors SKIPPED
> Task :core:kspDebugKotlin UP-TO-DATE
> Task :core:compileDebugKotlin UP-TO-DATE
> Task :core:javaPreCompileDebug UP-TO-DATE
> Task :core:compileDebugJavaWithJavac UP-TO-DATE
> Task :core:transformDebugClassesWithAsm UP-TO-DATE
> Task :core:bundleLibCompileToJarDebug UP-TO-DATE
> Task :core:bundleLibRuntimeToJarDebug UP-TO-DATE
> Task :data:checkKotlinGradlePluginConfigurationErrors SKIPPED
> Task :data:kspDebugKotlin UP-TO-DATE
> Task :data:compileDebugKotlin UP-TO-DATE
> Task :data:javaPreCompileDebug UP-TO-DATE
> Task :data:compileDebugJavaWithJavac UP-TO-DATE
> Task :data:transformDebugClassesWithAsm UP-TO-DATE
> Task :data:bundleLibCompileToJarDebug UP-TO-DATE
> Task :presenter:checkKotlinGradlePluginConfigurationErrors SKIPPED
> Task :presenter:kspDebugKotlin UP-TO-DATE
> Task :presenter:compileDebugKotlin UP-TO-DATE
> Task :presenter:javaPreCompileDebug UP-TO-DATE
> Task :presenter:compileDebugJavaWithJavac UP-TO-DATE
> Task :presenter:transformDebugClassesWithAsm UP-TO-DATE
> Task :presenter:bundleLibCompileToJarDebug UP-TO-DATE
> Task :app:javaPreCompileDebug UP-TO-DATE
> Task :app:mergeDebugShaders UP-TO-DATE
> Task :app:compileDebugShaders NO-SOURCE
> Task :app:generateDebugAssets UP-TO-DATE
> Task :core:mergeDebugShaders UP-TO-DATE
> Task :core:compileDebugShaders NO-SOURCE
> Task :core:generateDebugAssets UP-TO-DATE
> Task :core:packageDebugAssets UP-TO-DATE
> Task :data:mergeDebugShaders UP-TO-DATE
> Task :data:compileDebugShaders NO-SOURCE
> Task :data:generateDebugAssets UP-TO-DATE
> Task :data:packageDebugAssets UP-TO-DATE
> Task :presenter:mergeDebugShaders UP-TO-DATE
> Task :presenter:compileDebugShaders NO-SOURCE
> Task :presenter:generateDebugAssets UP-TO-DATE
> Task :presenter:packageDebugAssets UP-TO-DATE
> Task :app:mergeDebugAssets UP-TO-DATE
> Task :app:compressDebugAssets UP-TO-DATE
> Task :presenter:bundleLibRuntimeToJarDebug UP-TO-DATE
> Task :data:bundleLibRuntimeToJarDebug UP-TO-DATE
> Task :app:processDebugResources
> Task :core:processDebugJavaRes UP-TO-DATE
> Task :app:kspDebugKotlin UP-TO-DATE
> Task :app:compileDebugKotlin UP-TO-DATE
> Task :app:compileDebugJavaWithJavac UP-TO-DATE
> Task :app:hiltAggregateDepsDebug UP-TO-DATE

> Task :app:hiltJavaCompileDebug
.\gradlew : C:\Users\soatm\AndroidStudioProjects\PaynetClone\app\build\generated\hilt\component_sources\debug\uz\gita\p
aynetclone\App_HiltComponents.java:144: error: [Dagger/MissingBinding] 
@dagger.hilt.android.internal.lifecycle.HiltViewModelMap.KeySet java.util.Set<java.lang.String> cannot be provided 
without an @Provides-annotated method.
At line:1 char:1
+ .\gradlew :app:assembleDebug > build_error.log 2>&1
+ ~~~~~~~~~~~~~~~~~~~~~~~~~~~~~~~~~~~~~~~~~~~~~~~~~~~
    + CategoryInfo          : NotSpecified: (C:\Users\soatm\...notated method.:String) [], RemoteException
    + FullyQualifiedErrorId : NativeCommandError
 
  public abstract static class SingletonC implements FragmentGetContextFix.FragmentGetContextFixEntryPoint,
                         ^
  
      @dagger.hilt.android.internal.lifecycle.HiltViewModelMap.KeySet java.util.Set<java.lang.String> is injected at
          [uz.gita.paynetclone.App_HiltComponents.ActivityC] 
cafe.adriel.voyager.hilt.VoyagerHiltViewModelFactories.InternalViewModelFactory(keySet, à)
      cafe.adriel.voyager.hilt.VoyagerHiltViewModelFactories.InternalViewModelFactory is requested at
          [uz.gita.paynetclone.App_HiltComponents.ActivityC] 
cafe.adriel.voyager.hilt.VoyagerHiltViewModelFactories.ViewModelFactoryEntryPoint.internalViewModelFactory() 
[uz.gita.paynetclone.App_HiltComponents.SingletonC ? uz.gita.paynetclone.App_HiltComponents.ActivityRetainedC ? 
uz.gita.paynetclone.App_HiltComponents.ActivityC]
1 error

> Task :app:hiltJavaCompileDebug FAILED

[Incubating] Problems report is available at: file:///C:/Users/soatm/AndroidStudioProjects/PaynetClone/build/reports/problems/problems-report.html

FAILURE: Build failed with an exception.

* What went wrong:
Execution failed for task ':app:hiltJavaCompileDebug'.
> Compilation failed; see the compiler output below.
  C:\Users\soatm\AndroidStudioProjects\PaynetClone\app\build\generated\hilt\component_sources\debug\uz\gita\paynetclone
\App_HiltComponents.java:144: error: [Dagger/MissingBinding] 
@dagger.hilt.android.internal.lifecycle.HiltViewModelMap.KeySet java.util.Set<java.lang.String> cannot be provided 
without an @Provides-annotated method.
    public abstract static class SingletonC implements FragmentGetContextFix.FragmentGetContextFixEntryPoint,
                           ^
    
        @dagger.hilt.android.internal.lifecycle.HiltViewModelMap.KeySet java.util.Set<java.lang.String> is injected at
            [uz.gita.paynetclone.App_HiltComponents.ActivityC] 
cafe.adriel.voyager.hilt.VoyagerHiltViewModelFactories.InternalViewModelFactory(keySet, à)
        cafe.adriel.voyager.hilt.VoyagerHiltViewModelFactories.InternalViewModelFactory is requested at
            [uz.gita.paynetclone.App_HiltComponents.ActivityC] 
cafe.adriel.voyager.hilt.VoyagerHiltViewModelFactories.ViewModelFactoryEntryPoint.internalViewModelFactory() 
[uz.gita.paynetclone.App_HiltComponents.SingletonC ? uz.gita.paynetclone.App_HiltComponents.ActivityRetainedC ? 
uz.gita.paynetclone.App_HiltComponents.ActivityC]
  1 error

* Try:
> Check your code and dependencies to fix the compilation error(s)
> Run with --scan to get full insights from a Build Scan (powered by Develocity).

Deprecated Gradle features were used in this build, making it incompatible with Gradle 10.

You can use '--warning-mode all' to show the individual deprecation warnings and determine if they come from your own scripts or plugins.

For more on this, please refer to https://docs.gradle.org/9.3.1/userguide/command_line_interface.html#sec:command_line_warnings in the Gradle documentation.

BUILD FAILED in 18s
81 actionable tasks: 5 executed, 76 up-to-date
