
[Incubating] Problems report is available at: file:///C:/Users/soatm/AndroidStudioProjects/PaynetClone/build/reports/problems/problems-report.html

FAILURE: Build failed with an exception.

* What went wrong:
A problem occurred configuring project ':app'.
> The Hilt Android Gradle plugin is applied but no com.google.dagger:hilt-android dependency was found.

* Try:
> Run with --stacktrace option to get the stack trace.
> Run with --info or --debug option to get more log output.
> Run with --scan to get full insights from a Build Scan (powered by Develocity).
> Get more help at https://help.gradle.org.

Deprecated Gradle features were used in this build, making it incompatible with Gradle 10.

You can use '--warning-mode all' to show the individual deprecation warnings and determine if they come from your own scripts or plugins.

For more on this, please refer to https://docs.gradle.org/9.3.1/userguide/command_line_interface.html#sec:command_line_warnings in the Gradle documentation.

BUILD FAILED in 2s
