WARNING: We recommend using a newer Android Gradle plugin to use compileSdk = 36

This Android Gradle plugin (8.4.0) was tested up to compileSdk = 34.

You are strongly encouraged to update your project to use a newer
Android Gradle plugin that has been tested with compileSdk = 36.

If you are already using the latest version of the Android Gradle plugin,
you may need to wait until a newer version with support for compileSdk = 36 is available.

To suppress this warning, add/update
    android.suppressUnsupportedCompileSdk=36
to this project's gradle.properties.
> Task :entity:checkKotlinGradlePluginConfigurationErrors SKIPPED
> Task :entity:compileKotlin UP-TO-DATE
> Task :entity:compileJava NO-SOURCE
> Task :entity:processResources NO-SOURCE
> Task :entity:classes UP-TO-DATE
> Task :entity:jar UP-TO-DATE
> Task :usecase:checkKotlinGradlePluginConfigurationErrors SKIPPED
> Task :usecase:compileKotlin UP-TO-DATE
> Task :usecase:compileJava NO-SOURCE
> Task :usecase:processResources NO-SOURCE
> Task :usecase:classes UP-TO-DATE
> Task :usecase:jar UP-TO-DATE
> Task :app:checkKotlinGradlePluginConfigurationErrors SKIPPED
> Task :app:preBuild UP-TO-DATE
> Task :app:preDebugBuild UP-TO-DATE
> Task :core:preBuild UP-TO-DATE
> Task :core:preDebugBuild UP-TO-DATE
> Task :core:writeDebugAarMetadata UP-TO-DATE
> Task :data:preBuild UP-TO-DATE
> Task :data:preDebugBuild UP-TO-DATE
> Task :data:writeDebugAarMetadata UP-TO-DATE
> Task :presenter:preBuild UP-TO-DATE
> Task :presenter:preDebugBuild UP-TO-DATE
> Task :presenter:writeDebugAarMetadata UP-TO-DATE
> Task :app:checkDebugAarMetadata FAILED

[Incubating] Problems report is available at: file:///C:/Users/soatm/AndroidStudioProjects/PaynetClone/build/reports/problems/problems-report.html
./gradlew : 
At line:1 char:1
+ ./gradlew :app:compileDebugKotlin > compile.log 2>&1
+ ~~~~~~~~~~~~~~~~~~~~~~~~~~~~~~~~~~~~~~~~~~~~~~~~~~~~
    + CategoryInfo          : NotSpecified: (:String) [], RemoteException
    + FullyQualifiedErrorId : NativeCommandError
 
FAILURE: Build failed with an exception.

* What went wrong:
Execution failed for task ':app:checkDebugAarMetadata'.
> Configuration `:app:debugRuntimeClasspath` contains AndroidX dependencies, but the `android.useAndroidX` property is 
not enabled, which may cause runtime issues.
  Set `android.useAndroidX=true` in the `gradle.properties` file and retry.
  The following AndroidX dependencies are detected:
  :app:debugRuntimeClasspath -> androidx.compose.ui:ui-tooling:1.9.2
  :app:debugRuntimeClasspath -> androidx.compose:compose-bom:2024.02.01 -> androidx.compose.ui:ui-tooling-android:1.9.2
  :app:debugRuntimeClasspath -> androidx.activity:activity-compose:1.13.0
  :app:debugRuntimeClasspath -> com.google.dagger:hilt-android:2.51.1 -> androidx.activity:activity:1.13.0
  :app:debugRuntimeClasspath -> androidx.hilt:hilt-navigation-compose:1.2.0 -> androidx.hilt:hilt-navigation:1.2.0 -> 
androidx.annotation:annotation:1.9.1
  :app:debugRuntimeClasspath -> androidx.hilt:hilt-navigation-compose:1.2.0 -> androidx.hilt:hilt-navigation:1.2.0 -> 
androidx.annotation:annotation:1.9.1 -> androidx.annotation:annotation-jvm:1.9.1
  :app:debugRuntimeClasspath -> androidx.core:core-ktx:1.18.0
  :app:debugRuntimeClasspath -> com.google.dagger:hilt-android:2.51.1 -> androidx.fragment:fragment:1.5.1 -> 
androidx.loader:loader:1.0.0 -> androidx.core:core:1.18.0
  :app:debugRuntimeClasspath -> com.google.dagger:hilt-android:2.51.1 -> 
androidx.annotation:annotation-experimental:1.4.1
  :app:debugRuntimeClasspath -> com.google.dagger:hilt-android:2.51.1 -> androidx.fragment:fragment:1.5.1 -> 
androidx.collection:collection:1.5.0
  :app:debugRuntimeClasspath -> com.google.dagger:hilt-android:2.51.1 -> androidx.fragment:fragment:1.5.1 -> 
androidx.collection:collection:1.5.0 -> androidx.collection:collection-jvm:1.5.0
  :app:debugRuntimeClasspath -> androidx.compose:compose-bom:2024.02.01 -> androidx.compose.ui:ui-unit-android:1.9.2 
-> androidx.collection:collection-ktx:1.5.0
  :app:debugRuntimeClasspath -> com.google.dagger:hilt-android:2.51.1 -> androidx.fragment:fragment:1.5.1 -> 
androidx.loader:loader:1.0.0 -> androidx.core:core:1.18.0 -> androidx.concurrent:concurrent-futures:1.1.0
  :app:debugRuntimeClasspath -> androidx.activity:activity-compose:1.13.0 -> 
androidx.navigationevent:navigationevent-compose:1.0.0 -> 
androidx.navigationevent:navigationevent-compose-android:1.0.0 -> androidx.navigationevent:navigationevent:1.0.0 -> 
androidx.navigationevent:navigationevent-android:1.0.0 -> androidx.core:core-viewtree:1.0.0
  :app:debugRuntimeClasspath -> com.google.dagger:hilt-android:2.51.1 -> androidx.fragment:fragment:1.5.1 -> 
androidx.loader:loader:1.0.0 -> androidx.core:core:1.18.0 -> androidx.interpolator:interpolator:1.0.0
  :app:debugRuntimeClasspath -> com.google.dagger:hilt-android:2.51.1 -> androidx.lifecycle:lifecycle-common:2.10.0
  :app:debugRuntimeClasspath -> com.google.dagger:hilt-android:2.51.1 -> androidx.lifecycle:lifecycle-common:2.10.0 -> 
androidx.lifecycle:lifecycle-common-jvm:2.10.0
  :app:debugRuntimeClasspath -> androidx.hilt:hilt-navigation-compose:1.2.0 -> 
androidx.navigation:navigation-compose:2.5.1 -> androidx.lifecycle:lifecycle-common-java8:2.10.0
  :app:debugRuntimeClasspath -> com.google.dagger:hilt-android:2.51.1 -> androidx.fragment:fragment:1.5.1 -> 
androidx.lifecycle:lifecycle-livedata-core:2.10.0
  :app:debugRuntimeClasspath -> com.google.dagger:hilt-android:2.51.1 -> androidx.fragment:fragment:1.5.1 -> 
androidx.loader:loader:1.0.0 -> androidx.lifecycle:lifecycle-livedata:2.10.0 -> androidx.arch.core:core-common:2.2.0
  :app:debugRuntimeClasspath -> com.google.dagger:hilt-android:2.51.1 -> androidx.fragment:fragment:1.5.1 -> 
androidx.loader:loader:1.0.0 -> androidx.lifecycle:lifecycle-livedata:2.10.0 -> androidx.arch.core:core-runtime:2.2.0
  :app:debugRuntimeClasspath -> com.google.dagger:hilt-android:2.51.1 -> androidx.fragment:fragment:1.5.1 -> 
androidx.loader:loader:1.0.0 -> androidx.lifecycle:lifecycle-livedata:2.10.0
  :app:debugRuntimeClasspath -> androidx.compose:compose-bom:2024.02.01 -> 
androidx.compose.foundation:foundation-android:1.9.2 -> androidx.emoji2:emoji2:1.4.0 -> 
androidx.lifecycle:lifecycle-process:2.10.0 -> androidx.lifecycle:lifecycle-livedata-core-ktx:2.10.0
  :app:debugRuntimeClasspath -> androidx.compose:compose-bom:2024.02.01 -> 
androidx.compose.material3:material3-android:1.2.0 -> androidx.lifecycle:lifecycle-runtime:2.10.0
  :app:debugRuntimeClasspath -> androidx.compose:compose-bom:2024.02.01 -> 
androidx.compose.material3:material3-android:1.2.0 -> androidx.lifecycle:lifecycle-runtime:2.10.0 -> 
androidx.lifecycle:lifecycle-runtime-android:2.10.0
  :app:debugRuntimeClasspath -> androidx.compose:compose-bom:2024.02.01 -> 
androidx.compose.material3:material3-android:1.2.0 -> androidx.lifecycle:lifecycle-runtime:2.10.0 -> 
androidx.lifecycle:lifecycle-runtime-android:2.10.0 -> androidx.profileinstaller:profileinstaller:1.4.0
  :app:debugRuntimeClasspath -> androidx.compose:compose-bom:2024.02.01 -> 
androidx.compose.foundation:foundation-android:1.9.2 -> androidx.emoji2:emoji2:1.4.0 -> 
androidx.startup:startup-runtime:1.1.1
  :app:debugRuntimeClasspath -> com.google.dagger:hilt-android:2.51.1 -> androidx.fragment:fragment:1.5.1 -> 
androidx.loader:loader:1.0.0 -> androidx.core:core:1.18.0 -> androidx.tracing:tracing:1.2.0
  :app:debugRuntimeClasspath -> androidx.compose:compose-bom:2024.02.01 -> 
androidx.compose.foundation:foundation-android:1.9.2 -> androidx.emoji2:emoji2:1.4.0 -> 
androidx.lifecycle:lifecycle-process:2.10.0 -> androidx.lifecycle:lifecycle-runtime-compose:2.10.0
  :app:debugRuntimeClasspath -> androidx.compose:compose-bom:2024.02.01 -> 
androidx.compose.foundation:foundation-android:1.9.2 -> androidx.emoji2:emoji2:1.4.0 -> 
androidx.lifecycle:lifecycle-process:2.10.0 -> androidx.lifecycle:lifecycle-runtime-compose:2.10.0 -> 
androidx.lifecycle:lifecycle-runtime-compose-android:2.10.0
  :app:debugRuntimeClasspath -> cafe.adriel.voyager:voyager-hilt:1.0.0 -> androidx.compose.runtime:runtime:1.9.2
  :app:debugRuntimeClasspath -> androidx.compose:compose-bom:2024.02.01 -> 
androidx.compose.runtime:runtime-android:1.9.2
  :app:debugRuntimeClasspath -> androidx.activity:activity-compose:1.13.0 -> 
androidx.navigationevent:navigationevent-compose:1.0.0 -> 
androidx.navigationevent:navigationevent-compose-android:1.0.0 -> androidx.navigationevent:navigationevent:1.0.0 -> 
androidx.navigationevent:navigationevent-android:1.0.0 -> androidx.compose.runtime:runtime-annotation:1.9.2
  :app:debugRuntimeClasspath -> androidx.activity:activity-compose:1.13.0 -> 
androidx.navigationevent:navigationevent-compose:1.0.0 -> 
androidx.navigationevent:navigationevent-compose-android:1.0.0 -> androidx.navigationevent:navigationevent:1.0.0 -> 
androidx.navigationevent:navigationevent-android:1.0.0 -> androidx.compose.runtime:runtime-annotation:1.9.2 -> 
androidx.compose.runtime:runtime-annotation-android:1.9.2
  :app:debugRuntimeClasspath -> androidx.hilt:hilt-navigation-compose:1.2.0 -> 
androidx.navigation:navigation-compose:2.5.1 -> androidx.compose.runtime:runtime-saveable:1.9.2
  :app:debugRuntimeClasspath -> androidx.compose:compose-bom:2024.02.01 -> 
androidx.compose.runtime:runtime-saveable-android:1.9.2
  :app:debugRuntimeClasspath -> androidx.compose:compose-bom:2024.02.01 -> 
androidx.compose.material3:material3-android:1.2.0 -> androidx.savedstate:savedstate-ktx:1.4.0 -> 
androidx.savedstate:savedstate-compose:1.4.0
  :app:debugRuntimeClasspath -> androidx.compose:compose-bom:2024.02.01 -> 
androidx.compose.material3:material3-android:1.2.0 -> androidx.savedstate:savedstate-ktx:1.4.0 -> 
androidx.savedstate:savedstate-compose:1.4.0 -> androidx.savedstate:savedstate-compose-android:1.4.0
  :app:debugRuntimeClasspath -> com.google.dagger:hilt-android:2.51.1 -> androidx.savedstate:savedstate:1.4.0
  :app:debugRuntimeClasspath -> com.google.dagger:hilt-android:2.51.1 -> androidx.savedstate:savedstate:1.4.0 -> 
androidx.savedstate:savedstate-android:1.4.0
  :app:debugRuntimeClasspath -> androidx.compose:compose-bom:2024.02.01 -> 
androidx.compose.material3:material3-android:1.2.0 -> androidx.savedstate:savedstate-ktx:1.4.0
  :app:debugRuntimeClasspath -> androidx.lifecycle:lifecycle-runtime-ktx:2.10.0
  :app:debugRuntimeClasspath -> androidx.lifecycle:lifecycle-runtime-ktx:2.10.0 -> 
androidx.lifecycle:lifecycle-runtime-ktx-android:2.10.0
  :app:debugRuntimeClasspath -> com.google.dagger:hilt-android:2.51.1 -> androidx.lifecycle:lifecycle-viewmodel:2.10.0
  :app:debugRuntimeClasspath -> com.google.dagger:hilt-android:2.51.1 -> androidx.lifecycle:lifecycle-viewmodel:2.10.0 
-> androidx.lifecycle:lifecycle-viewmodel-android:2.10.0
  :app:debugRuntimeClasspath -> cafe.adriel.voyager:voyager-hilt:1.0.0 -> 
androidx.lifecycle:lifecycle-viewmodel-compose:2.10.0
  :app:debugRuntimeClasspath -> cafe.adriel.voyager:voyager-hilt:1.0.0 -> 
androidx.lifecycle:lifecycle-viewmodel-compose:2.10.0 -> androidx.lifecycle:lifecycle-viewmodel-compose-android:2.10.0
  :app:debugRuntimeClasspath -> androidx.compose.ui:ui:1.9.2
  :app:debugRuntimeClasspath -> androidx.compose:compose-bom:2024.02.01 -> androidx.compose.ui:ui-android:1.9.2
  :app:debugRuntimeClasspath -> androidx.hilt:hilt-navigation-compose:1.2.0 -> androidx.hilt:hilt-navigation:1.2.0 -> 
androidx.navigation:navigation-runtime:2.5.1 -> androidx.activity:activity-ktx:1.13.0
  :app:debugRuntimeClasspath -> cafe.adriel.voyager:voyager-hilt:1.0.0 -> 
androidx.lifecycle:lifecycle-viewmodel-ktx:2.10.0
  :app:debugRuntimeClasspath -> cafe.adriel.voyager:voyager-hilt:1.0.0 -> 
androidx.lifecycle:lifecycle-viewmodel-savedstate:2.10.0
  :app:debugRuntimeClasspath -> cafe.adriel.voyager:voyager-hilt:1.0.0 -> 
androidx.lifecycle:lifecycle-viewmodel-savedstate:2.10.0 -> 
androidx.lifecycle:lifecycle-viewmodel-savedstate-android:2.10.0
  :app:debugRuntimeClasspath -> androidx.compose:compose-bom:2024.02.01 -> 
androidx.compose.foundation:foundation-android:1.9.2 -> androidx.emoji2:emoji2:1.4.0 -> 
androidx.lifecycle:lifecycle-process:2.10.0
  :app:debugRuntimeClasspath -> androidx.compose:compose-bom:2024.02.01 -> androidx.compose.ui:ui-android:1.9.2 -> 
androidx.autofill:autofill:1.0.0
  :app:debugRuntimeClasspath -> androidx.compose:compose-bom:2024.02.01 -> androidx.compose.ui:ui-geometry:1.9.2
  :app:debugRuntimeClasspath -> androidx.compose:compose-bom:2024.02.01 -> 
androidx.compose.ui:ui-geometry-android:1.9.2
  :app:debugRuntimeClasspath -> androidx.compose:compose-bom:2024.02.01 -> androidx.compose.ui:ui-util:1.9.2
  :app:debugRuntimeClasspath -> androidx.compose:compose-bom:2024.02.01 -> androidx.compose.ui:ui-util-android:1.9.2
  :app:debugRuntimeClasspath -> androidx.compose.ui:ui-graphics:1.9.2
  :app:debugRuntimeClasspath -> androidx.compose:compose-bom:2024.02.01 -> 
androidx.compose.ui:ui-graphics-android:1.9.2
  :app:debugRuntimeClasspath -> androidx.compose:compose-bom:2024.02.01 -> androidx.compose.ui:ui-unit:1.9.2
  :app:debugRuntimeClasspath -> androidx.compose:compose-bom:2024.02.01 -> androidx.compose.ui:ui-unit-android:1.9.2
  :app:debugRuntimeClasspath -> androidx.compose.ui:ui-test-manifest:1.9.2
  :app:debugRuntimeClasspath -> androidx.compose:compose-bom:2024.02.01 -> androidx.compose.ui:ui-text:1.9.2
  :app:debugRuntimeClasspath -> androidx.compose:compose-bom:2024.02.01 -> androidx.compose.ui:ui-text-android:1.9.2
  :app:debugRuntimeClasspath -> androidx.compose:compose-bom:2024.02.01 -> 
androidx.compose.foundation:foundation-android:1.9.2 -> androidx.emoji2:emoji2:1.4.0
  :app:debugRuntimeClasspath -> androidx.compose.ui:ui-tooling-preview:1.9.2
  :app:debugRuntimeClasspath -> androidx.compose:compose-bom:2024.02.01 -> 
androidx.compose.ui:ui-tooling-preview-android:1.9.2
  :app:debugRuntimeClasspath -> androidx.compose:compose-bom:2024.02.01 -> androidx.compose.ui:ui-tooling-data:1.9.2
  :app:debugRuntimeClasspath -> androidx.compose:compose-bom:2024.02.01 -> 
androidx.compose.ui:ui-tooling-data-android:1.9.2
  :app:debugRuntimeClasspath -> androidx.compose:compose-bom:2024.02.01 -> 
androidx.compose.ui:ui-graphics-android:1.9.2 -> androidx.graphics:graphics-path:1.0.1
  :app:debugRuntimeClasspath -> androidx.compose:compose-bom:2024.02.01 -> androidx.compose.ui:ui-android:1.9.2 -> 
androidx.customview:customview-poolingcontainer:1.0.0
  :app:debugRuntimeClasspath -> androidx.compose:compose-bom:2024.02.01 -> androidx.compose.foundation:foundation:1.9.2
  :app:debugRuntimeClasspath -> androidx.compose:compose-bom:2024.02.01 -> 
androidx.compose.foundation:foundation-android:1.9.2
  :app:debugRuntimeClasspath -> androidx.hilt:hilt-navigation-compose:1.2.0 -> 
androidx.navigation:navigation-compose:2.5.1 -> androidx.compose.animation:animation:1.9.2
  :app:debugRuntimeClasspath -> androidx.compose:compose-bom:2024.02.01 -> 
androidx.compose.animation:animation-android:1.9.2
  :app:debugRuntimeClasspath -> androidx.compose:compose-bom:2024.02.01 -> 
androidx.compose.animation:animation-core:1.9.2
  :app:debugRuntimeClasspath -> androidx.compose:compose-bom:2024.02.01 -> 
androidx.compose.animation:animation-core-android:1.9.2
  :app:debugRuntimeClasspath -> androidx.hilt:hilt-navigation-compose:1.2.0 -> 
androidx.navigation:navigation-compose:2.5.1 -> androidx.compose.foundation:foundation-layout:1.9.2
  :app:debugRuntimeClasspath -> androidx.compose:compose-bom:2024.02.01 -> 
androidx.compose.foundation:foundation-layout-android:1.9.2
  :app:debugRuntimeClasspath -> com.google.dagger:hilt-android:2.51.1 -> androidx.fragment:fragment:1.5.1 -> 
androidx.loader:loader:1.0.0 -> androidx.core:core:1.18.0 -> androidx.versionedparcelable:versionedparcelable:1.1.1
  :app:debugRuntimeClasspath -> androidx.activity:activity-compose:1.13.0 -> 
androidx.navigationevent:navigationevent-compose:1.0.0 -> 
androidx.navigationevent:navigationevent-compose-android:1.0.0 -> androidx.navigationevent:navigationevent:1.0.0
  :app:debugRuntimeClasspath -> androidx.activity:activity-compose:1.13.0 -> 
androidx.navigationevent:navigationevent-compose:1.0.0 -> 
androidx.navigationevent:navigationevent-compose-android:1.0.0 -> androidx.navigationevent:navigationevent:1.0.0 -> 
androidx.navigationevent:navigationevent-android:1.0.0
  :app:debugRuntimeClasspath -> com.google.dagger:hilt-android:2.51.1 -> androidx.activity:activity:1.13.0 -> 
androidx.navigationevent:navigationevent:1.0.0 -> androidx.navigationevent:navigationevent-android:1.0.0 -> 
androidx.navigationevent:navigationevent-compose:1.0.0
  :app:debugRuntimeClasspath -> com.google.dagger:hilt-android:2.51.1 -> androidx.activity:activity:1.13.0 -> 
androidx.navigationevent:navigationevent:1.0.0 -> androidx.navigationevent:navigationevent-android:1.0.0 -> 
androidx.navigationevent:navigationevent-compose:1.0.0 -> 
androidx.navigationevent:navigationevent-compose-android:1.0.0
  :app:debugRuntimeClasspath -> androidx.compose:compose-bom:2024.02.01 -> androidx.compose.material:material:1.6.2
  :app:debugRuntimeClasspath -> androidx.compose:compose-bom:2024.02.01 -> 
androidx.compose.material:material-android:1.6.2
  :app:debugRuntimeClasspath -> androidx.compose:compose-bom:2024.02.01 -> 
androidx.compose.material:material-icons-core:1.6.2
  :app:debugRuntimeClasspath -> androidx.compose:compose-bom:2024.02.01 -> 
androidx.compose.material:material-icons-core-android:1.6.2
  :app:debugRuntimeClasspath -> androidx.compose:compose-bom:2024.02.01 -> 
androidx.compose.material:material-ripple:1.6.2
  :app:debugRuntimeClasspath -> androidx.compose:compose-bom:2024.02.01 -> 
androidx.compose.material:material-ripple-android:1.6.2
  :app:debugRuntimeClasspath -> androidx.compose:compose-bom:2024.02.01
  :app:debugRuntimeClasspath -> androidx.compose.material3:material3:1.2.0
  :app:debugRuntimeClasspath -> androidx.compose:compose-bom:2024.02.01 -> 
androidx.compose.material3:material3-android:1.2.0
  :app:debugRuntimeClasspath -> com.google.dagger:hilt-android:2.51.1 -> androidx.fragment:fragment:1.5.1
  :app:debugRuntimeClasspath -> com.google.dagger:hilt-android:2.51.1 -> androidx.fragment:fragment:1.5.1 -> 
androidx.loader:loader:1.0.0
  :app:debugRuntimeClasspath -> com.google.dagger:hilt-android:2.51.1 -> androidx.fragment:fragment:1.5.1 -> 
androidx.viewpager:viewpager:1.0.0
  :app:debugRuntimeClasspath -> com.google.dagger:hilt-android:2.51.1 -> androidx.fragment:fragment:1.5.1 -> 
androidx.viewpager:viewpager:1.0.0 -> androidx.customview:customview:1.0.0
  :app:debugRuntimeClasspath -> project :core -> androidx.datastore:datastore-preferences:1.1.1
  :app:debugRuntimeClasspath -> project :core -> androidx.datastore:datastore-preferences:1.1.1 -> 
androidx.datastore:datastore-preferences-android:1.1.1
  :app:debugRuntimeClasspath -> project :core -> androidx.datastore:datastore-preferences:1.1.1 -> 
androidx.datastore:datastore-preferences-android:1.1.1 -> androidx.datastore:datastore-preferences-core:1.1.1 -> 
androidx.datastore:datastore-preferences-core-jvm:1.1.1 -> androidx.datastore:datastore-core:1.1.1 -> 
androidx.datastore:datastore-core-android:1.1.1 -> androidx.datastore:datastore-core-okio:1.1.1 -> 
androidx.datastore:datastore-core-okio-jvm:1.1.1 -> androidx.datastore:datastore:1.1.1
  :app:debugRuntimeClasspath -> project :core -> androidx.datastore:datastore-preferences:1.1.1 -> 
androidx.datastore:datastore-preferences-android:1.1.1 -> androidx.datastore:datastore-preferences-core:1.1.1 -> 
androidx.datastore:datastore-preferences-core-jvm:1.1.1 -> androidx.datastore:datastore-core:1.1.1 -> 
androidx.datastore:datastore-core-android:1.1.1 -> androidx.datastore:datastore-core-okio:1.1.1 -> 
androidx.datastore:datastore-core-okio-jvm:1.1.1 -> androidx.datastore:datastore:1.1.1 -> 
androidx.datastore:datastore-android:1.1.1
  :app:debugRuntimeClasspath -> project :core -> androidx.datastore:datastore-preferences:1.1.1 -> 
androidx.datastore:datastore-preferences-android:1.1.1 -> androidx.datastore:datastore-preferences-core:1.1.1 -> 
androidx.datastore:datastore-preferences-core-jvm:1.1.1 -> androidx.datastore:datastore-core-okio:1.1.1 -> 
androidx.datastore:datastore-core-okio-jvm:1.1.1 -> androidx.datastore:datastore-core:1.1.1
  :app:debugRuntimeClasspath -> project :core -> androidx.datastore:datastore-preferences:1.1.1 -> 
androidx.datastore:datastore-preferences-android:1.1.1 -> androidx.datastore:datastore-preferences-core:1.1.1 -> 
androidx.datastore:datastore-preferences-core-jvm:1.1.1 -> androidx.datastore:datastore-core-okio:1.1.1 -> 
androidx.datastore:datastore-core-okio-jvm:1.1.1 -> androidx.datastore:datastore-core:1.1.1 -> 
androidx.datastore:datastore-core-android:1.1.1
  :app:debugRuntimeClasspath -> project :core -> androidx.datastore:datastore-preferences:1.1.1 -> 
androidx.datastore:datastore-preferences-android:1.1.1 -> androidx.datastore:datastore-preferences-core:1.1.1 -> 
androidx.datastore:datastore-preferences-core-jvm:1.1.1 -> androidx.datastore:datastore-core:1.1.1 -> 
androidx.datastore:datastore-core-android:1.1.1 -> androidx.datastore:datastore-core-okio:1.1.1
  :app:debugRuntimeClasspath -> project :core -> androidx.datastore:datastore-preferences:1.1.1 -> 
androidx.datastore:datastore-preferences-android:1.1.1 -> androidx.datastore:datastore-preferences-core:1.1.1 -> 
androidx.datastore:datastore-preferences-core-jvm:1.1.1 -> androidx.datastore:datastore-core:1.1.1 -> 
androidx.datastore:datastore-core-android:1.1.1 -> androidx.datastore:datastore-core-okio:1.1.1 -> 
androidx.datastore:datastore-core-okio-jvm:1.1.1
  :app:debugRuntimeClasspath -> project :core -> androidx.datastore:datastore-preferences:1.1.1 -> 
androidx.datastore:datastore-preferences-android:1.1.1 -> androidx.datastore:datastore-core:1.1.1 -> 
androidx.datastore:datastore-core-android:1.1.1 -> androidx.datastore:datastore-core-okio:1.1.1 -> 
androidx.datastore:datastore-core-okio-jvm:1.1.1 -> androidx.datastore:datastore-preferences-core:1.1.1
  :app:debugRuntimeClasspath -> project :core -> androidx.datastore:datastore-preferences:1.1.1 -> 
androidx.datastore:datastore-preferences-android:1.1.1 -> androidx.datastore:datastore-core:1.1.1 -> 
androidx.datastore:datastore-core-android:1.1.1 -> androidx.datastore:datastore-core-okio:1.1.1 -> 
androidx.datastore:datastore-core-okio-jvm:1.1.1 -> androidx.datastore:datastore-preferences-core:1.1.1 -> 
androidx.datastore:datastore-preferences-core-jvm:1.1.1
  :app:debugRuntimeClasspath -> org.orbit-mvi:orbit-viewmodel:6.1.0 -> 
androidx.test.espresso:espresso-idling-resource:3.5.1
  :app:debugRuntimeClasspath -> androidx.hilt:hilt-navigation-compose:1.2.0
  :app:debugRuntimeClasspath -> androidx.hilt:hilt-navigation-compose:1.2.0 -> androidx.hilt:hilt-navigation:1.2.0
  :app:debugRuntimeClasspath -> androidx.hilt:hilt-navigation-compose:1.2.0 -> androidx.hilt:hilt-navigation:1.2.0 -> 
androidx.navigation:navigation-runtime:2.5.1
  :app:debugRuntimeClasspath -> androidx.hilt:hilt-navigation-compose:1.2.0 -> androidx.hilt:hilt-navigation:1.2.0 -> 
androidx.navigation:navigation-runtime:2.5.1 -> androidx.navigation:navigation-common:2.5.1
  :app:debugRuntimeClasspath -> androidx.hilt:hilt-navigation-compose:1.2.0 -> 
androidx.navigation:navigation-compose:2.5.1
  :app:debugRuntimeClasspath -> androidx.hilt:hilt-navigation-compose:1.2.0 -> 
androidx.navigation:navigation-compose:2.5.1 -> androidx.navigation:navigation-runtime-ktx:2.5.1
  :app:debugRuntimeClasspath -> androidx.hilt:hilt-navigation-compose:1.2.0 -> 
androidx.navigation:navigation-compose:2.5.1 -> androidx.navigation:navigation-runtime-ktx:2.5.1 -> 
androidx.navigation:navigation-common-ktx:2.5.1

* Try:
> Run with --stacktrace option to get the stack trace.
> Run with --info or --debug option to get more log output.
> Run with --scan to get full insights from a Build Scan (powered by Develocity).

Deprecated Gradle features were used in this build, making it incompatible with Gradle 10.

You can use '--warning-mode all' to show the individual deprecation warnings and determine if they come from your own scripts or plugins.

For more on this, please refer to https://docs.gradle.org/9.3.1/userguide/command_line_interface.html#sec:command_line_warnings in the Gradle documentation.
8 actionable tasks: 1 executed, 7 up-to-date
> Get more help at https://help.gradle.org.

BUILD FAILED in 3s
